[
  "/root/components/user/user.component.ts",
  "/root/components/user/user.component.html",
  "/root/components/user/user.component.scss",
  "/root/components/user/user.component.spec.ts",
  "/root/components/user/user.module.ts",
  "/root/components/user/index.ts",
  "/root/app.json",
  "/root/components/profile/profile.component.ts",
  "/root/components/profile/profile.component.html",
  "/root/components/profile/profile.component.scss",
  "/root/components/profile/profile.component.spec.ts",
  "/root/components/profile/profile.module.ts",
  "/root/components/profile/index.ts"
]